{
  "execution_ready": false,
  "summary": {
    "attempts": 1,
    "candidate_engine": "candidate-fixture",
    "closed_attempts": 1,
    "completed_pairs": 1,
    "draws": 0,
    "excluded_pairs": 0,
    "execution_ready": false,
    "failure_counts": {
      "contract_invalid": 0,
      "crash": 0,
      "illegal_move": 0,
      "incomplete": 0,
      "infrastructure_invalid": 0,
      "simultaneous_failure": 0,
      "timeout": 0
    },
    "input_sha256": "0bbeb9d67dd7bd3b8b28abe6add1dd2a33bf07d493cf6f449dd53ca36296ca88",
    "interpretation_blocked": false,
    "losses": 1,
    "n": [
      0,
      0,
      1,
      0,
      0
    ],
    "pending_pairs": 0,
    "plan_sha256": "bac4a63479a267ce248cd8a1c117384941880309de9c8b0a86b01917f7bbefde",
    "planned_pairs": 1,
    "recorded_games": 2,
    "wins": 1
  },
  "tip_sha256": "a9e9ab55b2323347a44ef63d256152931c36dc1e518f4d40932d3d21eabdd856",
  "validation_scope": "structural_only"
}
