{
  "execution_ready": false,
  "ledger_tip_sha256": "bd81c8bcd383ffc16cbfe5caf1b25db23593ee7953006d63ae8132a2ebce9fc0",
  "process_cleanup": "gone",
  "receipt": {
    "bytes": 5441,
    "license": "MIT - synthetic fixture execution evidence",
    "path": "attempt-normal/process-receipt.json",
    "sha256": "fbf11b63b5fa8851f318fcbe1879df7a724c8be550e519592b4d1a4426512111",
    "source": "https://github.com/daejunnom/RoveZero"
  },
  "summary": {
    "attempts": 1,
    "candidate_engine": "candidate-fixture",
    "closed_attempts": 1,
    "completed_pairs": 1,
    "draws": 0,
    "excluded_pairs": 0,
    "execution_ready": false,
    "failure_counts": {
      "contract_invalid": 0,
      "crash": 0,
      "illegal_move": 0,
      "incomplete": 0,
      "infrastructure_invalid": 0,
      "simultaneous_failure": 0,
      "timeout": 0
    },
    "input_sha256": "4e81d3684c20e056de3bc178d68d61b397e74423503836c7078dcc956860605c",
    "interpretation_blocked": false,
    "losses": 1,
    "n": [
      0,
      0,
      1,
      0,
      0
    ],
    "pending_pairs": 0,
    "plan_sha256": "2960627cdd629c206e00b97af7d91aa828420e884dccaa26175e49673473b95c",
    "planned_pairs": 1,
    "recorded_games": 2,
    "wins": 1
  },
  "validation_scope": "synthetic_pair_process_and_native_rules"
}
