SYNTHETIC_UCI_FIXTURE mode=normal script=scholars_mate_v1 no_nn=true max_line_bytes=8192 max_commands=10000
SYNTHETIC_UCI_FIXTURE mode=normal script=scholars_mate_v1 no_nn=true max_line_bytes=8192 max_commands=10000
synthetic applied Ponder=false Threads=1 Seed=0
synthetic applied Ponder=false Threads=1 Seed=0
synthetic newgame: prefix and pending go reset
synthetic applied Ponder=false Threads=1 Seed=0
synthetic applied Ponder=false Threads=1 Seed=0
synthetic newgame: prefix and pending go reset
synthetic position startpos prefix_len=2 moves=e2e4 e7e5
synthetic go mode=normal prefix_len=2 clock_arguments_ignored=true
synthetic position startpos prefix_len=3 moves=e2e4 e7e5 d1h5
synthetic go mode=normal prefix_len=3 clock_arguments_ignored=true
synthetic position startpos prefix_len=4 moves=e2e4 e7e5 d1h5 b8c6
synthetic go mode=normal prefix_len=4 clock_arguments_ignored=true
synthetic position startpos prefix_len=5 moves=e2e4 e7e5 d1h5 b8c6 f1c4
synthetic go mode=normal prefix_len=5 clock_arguments_ignored=true
synthetic position startpos prefix_len=6 moves=e2e4 e7e5 d1h5 b8c6 f1c4 g8f6
synthetic go mode=normal prefix_len=6 clock_arguments_ignored=true
SYNTHETIC_UCI_FIXTURE mode=normal script=scholars_mate_v1 no_nn=true max_line_bytes=8192 max_commands=10000
SYNTHETIC_UCI_FIXTURE mode=normal script=scholars_mate_v1 no_nn=true max_line_bytes=8192 max_commands=10000
synthetic applied Ponder=false Threads=1 Seed=0
synthetic applied Ponder=false Threads=1 Seed=0
synthetic newgame: prefix and pending go reset
synthetic applied Ponder=false Threads=1 Seed=0
synthetic applied Ponder=false Threads=1 Seed=0
synthetic newgame: prefix and pending go reset
synthetic position startpos prefix_len=2 moves=e2e4 e7e5
synthetic go mode=normal prefix_len=2 clock_arguments_ignored=true
synthetic position startpos prefix_len=3 moves=e2e4 e7e5 d1h5
synthetic go mode=normal prefix_len=3 clock_arguments_ignored=true
synthetic position startpos prefix_len=4 moves=e2e4 e7e5 d1h5 b8c6
synthetic go mode=normal prefix_len=4 clock_arguments_ignored=true
synthetic position startpos prefix_len=5 moves=e2e4 e7e5 d1h5 b8c6 f1c4
synthetic go mode=normal prefix_len=5 clock_arguments_ignored=true
synthetic position startpos prefix_len=6 moves=e2e4 e7e5 d1h5 b8c6 f1c4 g8f6
synthetic go mode=normal prefix_len=6 clock_arguments_ignored=true
